// Jest Snapshot v1, https://goo.gl/fbAQLP

exports[`ContentContainer test ContentContainer snapshot 1`] = `
<Fragment>
  <Switch>
    <Route
      exact={true}
      path="/"
      render={[Function]}
    />
    <Route
      exact={true}
      path="/build"
      render={[Function]}
    />
    <Route
      exact={true}
      path="/treeshaking"
      render={[Function]}
    />
    <Route
      exact={true}
      path="/history"
      render={[Function]}
    />
  </Switch>
</Fragment>
`;
