// Jest Snapshot v1, https://goo.gl/fbAQLP

exports[`MainContainer Unit Tests MainContainer snapshot 1`] = `
<Fragment>
  <ContentContainer
    activeBuild={0}
    build={Array []}
    clickHandler={[Function]}
    handleDec={[Function]}
    handleInc={[Function]}
  />
  <NavbarContainer
    activeBuild={0}
    build={Array []}
    selectBuild={[Function]}
  />
</Fragment>
`;
