// Jest Snapshot v1, https://goo.gl/fbAQLP

exports[`SunburstContainer Unit Tests SunburstContainer 1`] = `
<Fragment>
  <Sunburst
    burstData={Array []}
    onHover={[Function]}
  />
</Fragment>
`;

exports[`SunburstContainer Unit Tests SunburstContainer snapshot testing 1`] = `
<Fragment>
  <Sunburst
    burstData={Array []}
    onHover={[Function]}
  />
</Fragment>
`;

exports[`SunburstContainer Unit test Snapshot testing SunburstContainer 1`] = `
<Fragment>
  <Sunburst
    burstData={Array []}
    onHover={[Function]}
  />
</Fragment>
`;

exports[`SunburstContainer test Snapshot testing SunburstContainer 1`] = `
<Fragment>
  <Sunburst
    burstData={Array []}
    onHover={[Function]}
  />
</Fragment>
`;
